// Jest Snapshot v1, https://goo.gl/fbAQLP

exports[`should render component 1`] = `
Object {
  "asFragment": [Function],
  "baseElement": <body>
    <div>
      <div
        class="row g-0 bg"
      >
        <div
          class="col-md-12"
        >
          <div
            class="row g-0 justify-content-center"
          >
            <h1
              class="bg-primary text-white rounded p-2 text-center"
            >
              Handwritten Digit Recognition with Tensorflow.js
            </h1>
            <div
              class="col-md-10"
            >
              <div
                class="row"
              >
                <div
                  class="col-md-4"
                >
                  <div
                    class="row justify-content-center"
                  >
                    <div
                      class="col-md-10"
                    >
                      <div
                        class="row text-center"
                      >
                        <div
                          class="col-md-12"
                        >
                          <canvas
                            class="draw-canvas"
                            height="150"
                            width="150"
                          />
                        </div>
                      </div>
                      <div
                        class="row justify-content-center"
                      >
                        <div
                          class="col-md-6"
                        >
                          <button
                            class="btn btn-primary w-100 mt-1"
                            disabled=""
                          >
                            <i
                              class="bi bi-bar-chart-line h4"
                            />
                          </button>
                          <button
                            class="btn btn-primary w-100 mt-1"
                          >
                            <i
                              class="bi bi-arrow-clockwise h4"
                            />
                          </button>
                        </div>
                      </div>
                    </div>
                  </div>
                </div>
                <div
                  class="col-md-8 bg-white rounded"
                />
                <div
                  class="Toastify"
                />
              </div>
            </div>
          </div>
        </div>
      </div>
    </div>
  </body>,
  "container": <div>
    <div
      class="row g-0 bg"
    >
      <div
        class="col-md-12"
      >
        <div
          class="row g-0 justify-content-center"
        >
          <h1
            class="bg-primary text-white rounded p-2 text-center"
          >
            Handwritten Digit Recognition with Tensorflow.js
          </h1>
          <div
            class="col-md-10"
          >
            <div
              class="row"
            >
              <div
                class="col-md-4"
              >
                <div
                  class="row justify-content-center"
                >
                  <div
                    class="col-md-10"
                  >
                    <div
                      class="row text-center"
                    >
                      <div
                        class="col-md-12"
                      >
                        <canvas
                          class="draw-canvas"
                          height="150"
                          width="150"
                        />
                      </div>
                    </div>
                    <div
                      class="row justify-content-center"
                    >
                      <div
                        class="col-md-6"
                      >
                        <button
                          class="btn btn-primary w-100 mt-1"
                          disabled=""
                        >
                          <i
                            class="bi bi-bar-chart-line h4"
                          />
                        </button>
                        <button
                          class="btn btn-primary w-100 mt-1"
                        >
                          <i
                            class="bi bi-arrow-clockwise h4"
                          />
                        </button>
                      </div>
                    </div>
                  </div>
                </div>
              </div>
              <div
                class="col-md-8 bg-white rounded"
              />
              <div
                class="Toastify"
              />
            </div>
          </div>
        </div>
      </div>
    </div>
  </div>,
  "debug": [Function],
  "findAllByAltText": [Function],
  "findAllByDisplayValue": [Function],
  "findAllByLabelText": [Function],
  "findAllByPlaceholderText": [Function],
  "findAllByRole": [Function],
  "findAllByTestId": [Function],
  "findAllByText": [Function],
  "findAllByTitle": [Function],
  "findByAltText": [Function],
  "findByDisplayValue": [Function],
  "findByLabelText": [Function],
  "findByPlaceholderText": [Function],
  "findByRole": [Function],
  "findByTestId": [Function],
  "findByText": [Function],
  "findByTitle": [Function],
  "getAllByAltText": [Function],
  "getAllByDisplayValue": [Function],
  "getAllByLabelText": [Function],
  "getAllByPlaceholderText": [Function],
  "getAllByRole": [Function],
  "getAllByTestId": [Function],
  "getAllByText": [Function],
  "getAllByTitle": [Function],
  "getByAltText": [Function],
  "getByDisplayValue": [Function],
  "getByLabelText": [Function],
  "getByPlaceholderText": [Function],
  "getByRole": [Function],
  "getByTestId": [Function],
  "getByText": [Function],
  "getByTitle": [Function],
  "queryAllByAltText": [Function],
  "queryAllByDisplayValue": [Function],
  "queryAllByLabelText": [Function],
  "queryAllByPlaceholderText": [Function],
  "queryAllByRole": [Function],
  "queryAllByTestId": [Function],
  "queryAllByText": [Function],
  "queryAllByTitle": [Function],
  "queryByAltText": [Function],
  "queryByDisplayValue": [Function],
  "queryByLabelText": [Function],
  "queryByPlaceholderText": [Function],
  "queryByRole": [Function],
  "queryByTestId": [Function],
  "queryByText": [Function],
  "queryByTitle": [Function],
  "rerender": [Function],
  "unmount": [Function],
}
`;
